// Jest Snapshot v1, https://goo.gl/fbAQLP

exports[`renders the Navbar component correctly 1`] = `
<div>
  <div
    class="nav-container"
  >
    <a
      aria-current="page"
      class="back active"
      href="/"
    >
      <svg
        class="w-6 h-6 leftchev"
        fill="none"
        stroke="currentColor"
        stroke-width="1.5"
        viewBox="0 0 24 24"
        xmlns="http://www.w3.org/2000/svg"
      >
        <path
          d="M15.75 19.5L8.25 12l7.5-7.5"
          stroke-linecap="round"
          stroke-linejoin="round"
        />
      </svg>
    </a>
    <h1
      class="topper"
    >
      World Holidays
    </h1>
  </div>
</div>
`;
